// Jest Snapshot v1, https://goo.gl/fbAQLP

exports[`Es hora de las instantaneas Instantánea con algunas Excepciones en sus paths 1`] = `
Object {
  "createdAt": Any<Date>,
  "id": Any<Number>,
  "name": "Alejandro González Reyes",
  "profesion": "JavaScript and PHP Development",
}
`;

exports[`Es hora de las instantaneas snapshot 1`] = `
Object {
  "gender": "Male",
  "id": 1,
  "name": "Rick Sanchez",
  "species": "Human",
  "status": "Alive",
}
`;
